https://github.com/3ct0s/disctopia-c2
https://github.com/timebotdon/telegram-c2agent
https://github.com/SpenserCai/DRat
https://github.com/kensh1ro/NativeTeleBackdoor
https://github.com/Lemonada/teleBrat
https://github.com/woj-ciech/Social-media-c2
https://github.com/machine1337/TelegramRAT
https://github.com/1N73LL1G3NC3x/Nightmangle
https://github.com/itaymigdal/Poshito
https://github.com/WithSecureLabs/C3/blob/master/Src/Common/FSecure/AsanaApi/AsanaApi.cpp
https://github.com/WithSecureLabs/C3/blob/master/Src/Common/FSecure/C3/Interfaces/Channels/OneDrive365RestFile.cpp
https://github.com/WithSecureLabs/C3/blob/master/Src/Common/FSecure/C3/Interfaces/Channels/Outlook365RestTask.cpp
https://github.com/WithSecureLabs/C3/blob/master/Src/Common/FSecure/Atlassian/JiraApi.cpp
https://github.com/slaeryan/LARRYCHATTER
https://github.com/PaulSec/twittor
https://github.com/byt3bl33d3r/gcat
https://github.com/machine1337/gmailc2
https://github.com/reveng007/SharpGmailC2
https://github.com/rschwass/PSGSHELL
https://github.com/shanefarris/GmailBackdoor
https://github.com/Coalfire-Research/Slackor
https://github.com/bkup/SlackShell
https://github.com/praetorian-inc/slack-c2bot
https://github.com/j3ssie/c2s
https://github.com/herwonowr/slackhell
https://github.com/Yihsiwei/slack-c2-golang
https://github.com/MythicC2Profiles/slack
https://github.com/WithSecureLabs/C3/blob/master/Src/Common/FSecure/C3/Interfaces/Channels/Slack.cpp
https://github.com/WithSecureLabs/C3/compare/master...tvgdb:C3:cisco-webex-teams-channel
https://github.com/trustedsec/specula
https://github.com/mthcht/ThreatHunting-Keywords/blob/main/tools/R-T/specula.csv
https://github.com/reevesrs24/LivingOffAlexa
https://github.com/Kaiser784/SoundShell
https://github.com/cxnturi0n/convoC2
https://github.com/MythicC2Profiles/discord
https://github.com/emmaunel/DiscordGo
https://github.com/crawl3r/DaaC2
https://github.com/th3r4ven/Bifrost
https://github.com/kensh1ro/Willie-C2
https://github.com/codeuk/discord-rat
https://github.com/Vczz0/Cerberos-C2
https://github.com/3NailsInfoSec/DCVC2
https://github.com/hoaan1995/ZER0BOT
https://github.com/Jeff53978/Python-Trojan
https://github.com/WithSecureLabs/C3/blob/master/Src/Common/FSecure/Discord/DiscordApi.cpp
https://github.com/cnotin/SplunkWhisperer2
https://github.com/0x-Apollyon/Malnus-Carlware
https://github.com/WithSecureLabs/C3/blob/master/Src/Common/FSecure/Mattermost/MattermostApi.cpp
https://github.com/looCiprian/GC2-sheet
https://github.com/a-rey/google_RAT
https://github.com/lukebaggett/google_socks
https://github.com/DannyPenten/Rust-DriveC2
https://github.com/WithSecureLabs/C3/blob/master/Src/Common/FSecure/C3/Interfaces/Channels/GoogleDrive.cpp
https://github.com/MrSaighnal/GCR-Google-Calendar-RAT
https://github.com/TheD1rkMtr/GithubC2
https://github.com/MythicC2Profiles/github
https://github.com/offalltn/gitC2
https://api.github.com/*
https://github.com/latortuga71/YoutubeAsAC2
https://github.com/ricardojoserf/SharpCovertTube
https://github.com/3ndG4me/AgentSmith
https://github.com/PeterEdtu/Pastebad-Reverse-Shell
https://github.com/kleiton0x00/RedditC2
https://github.com/thrasr/reddit-c2
https://github.com/Arno0x/DBC2
https://github.com/WithSecureLabs/C3/blob/master/Src/Common/FSecure/C3/Interfaces/Channels/Dropbox.cpp
https://github.com/0xEr3bus/ShadowForgeC2
https://github.com/RATandC2/VirusTotalC2
https://github.com/D1rkMtr/VirusTotalC2
https://github.com/g0h4n/REC2
https://github.com/samuelriesz/SharpHungarian
https://github.com/n1k7l4i/goZulipC2
https://github.com/mttaggart/OffensiveNotion
https://github.com/n1k7l4i/goMatrixC2/
https://github.com/opensesamedoors/goMatrixC2
https://github.com/spartan-conseil/ratchatpt
